EN contadorbinario NULL D:/Documentos/ESCOM/DSD/practica4/practica4/contadorBinario.vhd sub00/vhpl00 1557335498
EN div00 NULL "D:/Documentos/ESCOM/DSD/Nueva carpeta/proyectoMio/div00.vhd" sub00/vhpl01 1557335496
AR div00 behavioral "D:/Documentos/ESCOM/DSD/Nueva carpeta/proyectoMio/div00.vhd" sub00/vhpl02 1557335497
AR contadorbinario behavioral D:/Documentos/ESCOM/DSD/practica4/practica4/contadorBinario.vhd sub00/vhpl03 1557335499
