EN dado NULL D:/Documentos/ESCOM/DSD/dado/dado/dado.vhd sub00/vhpl02 1559156324
EN div00 NULL "D:/Documentos/ESCOM/DSD/Nueva carpeta/proyectoMio/div00.vhd" sub00/vhpl00 1559156322
AR div00 behavioral "D:/Documentos/ESCOM/DSD/Nueva carpeta/proyectoMio/div00.vhd" sub00/vhpl01 1559156323
AR dado behavioral D:/Documentos/ESCOM/DSD/dado/dado/dado.vhd sub00/vhpl03 1559156325
