EN registrouniversal NULL D:/Documentos/ESCOM/DSD/practica3/p3/registroUniversal.vhd sub00/vhpl02 1557158553
EN div00 NULL "D:/Documentos/ESCOM/DSD/Nueva carpeta/proyectoMio/div00.vhd" sub00/vhpl00 1557158551
AR div00 behavioral "D:/Documentos/ESCOM/DSD/Nueva carpeta/proyectoMio/div00.vhd" sub00/vhpl01 1557158552
AR registrouniversal behavioral D:/Documentos/ESCOM/DSD/practica3/p3/registroUniversal.vhd sub00/vhpl03 1557158554
