AR contador_registro behavioral D:/Documentos/ESCOM/DSD/practica7/practica7/contador_registro.vhd sub00/vhpl03 1557160374
EN contador_registro NULL D:/Documentos/ESCOM/DSD/practica7/practica7/contador_registro.vhd sub00/vhpl02 1557160373
EN div00 NULL "D:/Documentos/ESCOM/DSD/Nueva carpeta/proyectoMio/div00.vhd" sub00/vhpl00 1557160371
AR div00 behavioral "D:/Documentos/ESCOM/DSD/Nueva carpeta/proyectoMio/div00.vhd" sub00/vhpl01 1557160372
