AR contadordecada behavioral D:/Documentos/ESCOM/DSD/practica5/practica5/contadorDecada.vhd sub00/vhpl03 1557159186
EN div00 NULL "D:/Documentos/ESCOM/DSD/Nueva carpeta/proyectoMio/div00.vhd" sub00/vhpl01 1557159183
AR div00 behavioral "D:/Documentos/ESCOM/DSD/Nueva carpeta/proyectoMio/div00.vhd" sub00/vhpl02 1557159184
EN contadordecada NULL D:/Documentos/ESCOM/DSD/practica5/practica5/contadorDecada.vhd sub00/vhpl00 1557159185
