AR pruebota behavioral "D:/Documentos/ESCOM/DSD/Nueva carpeta/proyectoMio/pruebota.vhd" sub00/vhpl03 1556750236
AR flipflop behavioral "D:/Documentos/ESCOM/DSD/Nueva carpeta/proyectoMio/flipFlop.vhd" sub00/vhpl05 1553743496
EN div00 NULL "D:/Documentos/ESCOM/DSD/Nueva carpeta/proyectoMio/div00.vhd" sub00/vhpl00 1556750233
AR div00 behavioral "D:/Documentos/ESCOM/DSD/Nueva carpeta/proyectoMio/div00.vhd" sub00/vhpl01 1556750234
EN flipflop NULL "D:/Documentos/ESCOM/DSD/Nueva carpeta/proyectoMio/flipFlop.vhd" sub00/vhpl04 1553743495
EN pruebota NULL "D:/Documentos/ESCOM/DSD/Nueva carpeta/proyectoMio/pruebota.vhd" sub00/vhpl02 1556750235
