EN dado NULL D:/Documentos/ESCOM/DSD/dado/dado/dado.vhd sub00/vhpl02 1557097713
EN div00 NULL "D:/Documentos/ESCOM/DSD/Nueva carpeta/proyectoMio/div00.vhd" sub00/vhpl00 1557097711
AR div00 behavioral "D:/Documentos/ESCOM/DSD/Nueva carpeta/proyectoMio/div00.vhd" sub00/vhpl01 1557097712
AR dado behavioral D:/Documentos/ESCOM/DSD/dado/dado/dado.vhd sub00/vhpl03 1557097714
