AR estados behavioral D:/Documentos/ESCOM/DSD/Practica9/practica9_secuencia/estados.vhd sub00/vhpl03 1559145894
EN div00 NULL "D:/Documentos/ESCOM/DSD/Nueva carpeta/proyectoMio/div00.vhd" sub00/vhpl00 1559145891
AR div00 behavioral "D:/Documentos/ESCOM/DSD/Nueva carpeta/proyectoMio/div00.vhd" sub00/vhpl01 1559145892
EN estados NULL D:/Documentos/ESCOM/DSD/Practica9/practica9_secuencia/estados.vhd sub00/vhpl02 1559145893
