EN hola NULL D:/Documentos/ESCOM/DSD/practica6/practica6_hola/hola.vhd sub00/vhpl02 1557159723
EN div00 NULL "D:/Documentos/ESCOM/DSD/Nueva carpeta/proyectoMio/div00.vhd" sub00/vhpl00 1557159721
AR div00 behavioral "D:/Documentos/ESCOM/DSD/Nueva carpeta/proyectoMio/div00.vhd" sub00/vhpl01 1557159722
AR hola behavioral D:/Documentos/ESCOM/DSD/practica6/practica6_hola/hola.vhd sub00/vhpl03 1557159724
